// Jest Snapshot v1, https://goo.gl/fbAQLP

exports[`FormattedBytes test suite renders the stored snapshot 1`] = `
<span
  class="FormattedBytes"
>
  64.2MB
</span>
`;
