// Jest Snapshot v1, https://goo.gl/fbAQLP

exports[`Text test suite renders the stored snapshot 1`] = `
<span
  class="Text-sc-6c1xd4-0 eVgFRd"
>
  Hi
</span>
`;
