// Jest Snapshot v1, https://goo.gl/fbAQLP

exports[`FormBody test suite renders the stored snapshot 1`] = `
<div
  class="Box-sc-1v2etov-0 kAhoak"
>
  Hi
</div>
`;
