// Jest Snapshot v1, https://goo.gl/fbAQLP

exports[`FormTitle test suite renders the stored snapshot 1`] = `
<div
  class="Box-sc-1v2etov-0 kAhoak"
>
  <h4
    class="Text-sc-6c1xd4-0 eVgFRd"
  >
    My Title
  </h4>
</div>
`;
