// Jest Snapshot v1, https://goo.gl/fbAQLP

exports[`PageHeader test suite renders the stored snapshot 1`] = `
<div
  class="PageHeader"
/>
`;
