// Jest Snapshot v1, https://goo.gl/fbAQLP

exports[`PageBody test suite renders the stored snapshot 1`] = `
<div
  class="PageBody"
/>
`;
