// Jest Snapshot v1, https://goo.gl/fbAQLP

exports[`PageSubtitle test suite renders the stored snapshot 1`] = `
<div
  class="PageSubtitle"
>
  My Subtitle
</div>
`;
