// Jest Snapshot v1, https://goo.gl/fbAQLP

exports[`Page test suite renders the stored snapshot 1`] = `
<div
  class="Page"
/>
`;
